
[1m[30m[46m RUN [49m[39m[22m [36mv5.0.0 [39m[90m/home/runner/work/handwriting-practice/handwriting-practice[39m

 [31m❯[39m src/lib/__tests__/languages.test.ts [2m([22m[2m0 test[22m[2m)[22m
 [31m❯[39m src/lib/__tests__/gamification.test.ts [2m([22m[2m0 test[22m[2m)[22m
 [31m❯[39m src/lib/__tests__/dailyChallenges.test.ts [2m([22m[2m0 test[22m[2m)[22m
 [31m❯[39m src/lib/__tests__/strokeEval.test.ts [2m([22m[2m0 test[22m[2m)[22m
 [31m❯[39m src/lib/__tests__/progress.test.ts [2m([22m[2m0 test[22m[2m)[22m
 [31m❯[39m src/lib/__tests__/srs.test.ts [2m([22m[2m0 test[22m[2m)[22m
 [31m❯[39m src/lib/__tests__/grid.test.ts [2m([22m[2m0 test[22m[2m)[22m
 [31m❯[39m src/lib/__tests__/strokeOrder.test.ts [2m([22m[2m0 test[22m[2m)[22m
 [31m❯[39m src/lib/__tests__/errorReport.test.ts [2m([22m[2m0 test[22m[2m)[22m
 [31m❯[39m src/lib/__tests__/audio.test.ts [2m([22m[2m0 test[22m[2m)[22m
 [31m❯[39m src/lib/__tests__/cursive.test.ts [2m([22m[2m0 test[22m[2m)[22m
 [31m❯[39m src/components/__tests__/WeeklyChallengeCard.test.tsx [2m([22m[2m0 test[22m[2m)[22m
 [31m❯[39m src/components/__tests__/DailyChallengeCard.test.tsx [2m([22m[2m0 test[22m[2m)[22m
 [31m❯[39m src/lib/__tests__/radicals.test.ts [2m([22m[2m0 test[22m[2m)[22m
 [31m❯[39m src/lib/__tests__/scaffold.test.ts [2m([22m[2m0 test[22m[2m)[22m
 [31m❯[39m src/lib/__tests__/qr.test.ts [2m([22m[2m0 test[22m[2m)[22m
 [31m❯[39m src/components/__tests__/CharacterCard.test.tsx [2m([22m[2m0 test[22m[2m)[22m
 [31m❯[39m src/pages/__tests__/AchievementsPage.test.tsx [2m([22m[2m0 test[22m[2m)[22m

[31m⎯⎯⎯⎯⎯⎯[39m[1m[41m Failed Suites 18 [49m[22m[31m⎯⎯⎯⎯⎯⎯[39m

[41m[1m FAIL [22m[49m src/components/__tests__/CharacterCard.test.tsx[2m [ src/components/__tests__/CharacterCard.test.tsx ][22m
[41m[1m FAIL [22m[49m src/components/__tests__/DailyChallengeCard.test.tsx[2m [ src/components/__tests__/DailyChallengeCard.test.tsx ][22m
[41m[1m FAIL [22m[49m src/components/__tests__/WeeklyChallengeCard.test.tsx[2m [ src/components/__tests__/WeeklyChallengeCard.test.tsx ][22m
[41m[1m FAIL [22m[49m src/lib/__tests__/audio.test.ts[2m [ src/lib/__tests__/audio.test.ts ][22m
[41m[1m FAIL [22m[49m src/lib/__tests__/cursive.test.ts[2m [ src/lib/__tests__/cursive.test.ts ][22m
[41m[1m FAIL [22m[49m src/lib/__tests__/dailyChallenges.test.ts[2m [ src/lib/__tests__/dailyChallenges.test.ts ][22m
[41m[1m FAIL [22m[49m src/lib/__tests__/errorReport.test.ts[2m [ src/lib/__tests__/errorReport.test.ts ][22m
[41m[1m FAIL [22m[49m src/lib/__tests__/gamification.test.ts[2m [ src/lib/__tests__/gamification.test.ts ][22m
[41m[1m FAIL [22m[49m src/lib/__tests__/grid.test.ts[2m [ src/lib/__tests__/grid.test.ts ][22m
[41m[1m FAIL [22m[49m src/lib/__tests__/languages.test.ts[2m [ src/lib/__tests__/languages.test.ts ][22m
[41m[1m FAIL [22m[49m src/lib/__tests__/progress.test.ts[2m [ src/lib/__tests__/progress.test.ts ][22m
[41m[1m FAIL [22m[49m src/lib/__tests__/qr.test.ts[2m [ src/lib/__tests__/qr.test.ts ][22m
[41m[1m FAIL [22m[49m src/lib/__tests__/radicals.test.ts[2m [ src/lib/__tests__/radicals.test.ts ][22m
[41m[1m FAIL [22m[49m src/lib/__tests__/scaffold.test.ts[2m [ src/lib/__tests__/scaffold.test.ts ][22m
[41m[1m FAIL [22m[49m src/lib/__tests__/srs.test.ts[2m [ src/lib/__tests__/srs.test.ts ][22m
[41m[1m FAIL [22m[49m src/lib/__tests__/strokeEval.test.ts[2m [ src/lib/__tests__/strokeEval.test.ts ][22m
[41m[1m FAIL [22m[49m src/lib/__tests__/strokeOrder.test.ts[2m [ src/lib/__tests__/strokeOrder.test.ts ][22m
[41m[1m FAIL [22m[49m src/pages/__tests__/AchievementsPage.test.tsx[2m [ src/pages/__tests__/AchievementsPage.test.tsx ][22m
[31m[1mError[22m: Incompatible React versions: The "react" and "react-dom" packages must have the exact same version. Instead got:
  - react:      19.3.0
  - react-dom:  19.2.8
Learn more: https://react.dev/warnings/version-mismatch[39m
[90m [2m❯[22m node_modules/react-dom/cjs/react-dom-client.development.js:[2m27935:15[22m[39m
[90m [2m❯[22m node_modules/react-dom/cjs/react-dom-client.development.js:[2m27940:7[22m[39m
[90m [2m❯[22m Object.<anonymous> node_modules/react-dom/cjs/react-dom-client.development.js:[2m28121:5[22m[39m

[31m[2m⎯⎯⎯⎯⎯⎯⎯⎯⎯⎯⎯⎯⎯⎯⎯⎯⎯⎯⎯⎯⎯⎯⎯[1/18]⎯[22m[39m


[2m Test Files [22m [1m[31m18 failed[39m[22m[90m (18)[39m
[2m      Tests [22m [2mno tests[22m
[2m   Start at [22m 23:44:34
[2m   Duration [22m 8.23s[2m (environment 99%, worker 1%)[22m

[2mEnvironment [22m [33mjsdom was created 18 times[39m[2m · 18.07s total, 99% of tracked time[22m
[2m            [22m [2mcreate it once per worker with [22m[33mpool: 'vmThreads'[39m[2m (keeps per-file isolation) or [22m[33misolate: false[39m[2m (shares it across files)[22m
[2m            [22m [2mlearn more: https://vitest.dev/guide/improving-performance#test-environments[22m

exit: 1
